// Jest Snapshot v1, https://goo.gl/fbAQLP

exports[`Select render matches snapshot 1`] = `
<StateManager
  defaultInputValue=""
  defaultMenuIsOpen={false}
  defaultValue={null}
  styles={
    Object {
      "clearIndicator": [Function],
      "container": [Function],
      "control": [Function],
      "dropdownIndicator": [Function],
      "indicatorSeparator": [Function],
      "indicatorsContainer": [Function],
      "menu": [Function],
      "menuPortal": [Function],
      "option": [Function],
      "singleValue": [Function],
    }
  }
/>
`;
