// Jest Snapshot v1, https://goo.gl/fbAQLP

exports[`MarkdownPreview render matches snapshot 1`] = `
<styled.div>
  <ReactMarkdown
    rehypePlugins={
      Array [
        Array [
          [Function],
          Object {
            "ignoreMissing": true,
          },
        ],
      ]
    }
    remarkPlugins={
      Array [
        [Function],
      ]
    }
    transformLinkUri={[Function]}
  />
</styled.div>
`;
