// Jest Snapshot v1, https://goo.gl/fbAQLP

exports[`Label snapshots should match snapshot 1`] = `
.c0 {
  color: #555e6f;
  display: inline-block;
  font-size: 14px;
  font-stretch: normal;
  font-style: normal;
  font-weight: normal;
  -webkit-letter-spacing: normal;
  -moz-letter-spacing: normal;
  -ms-letter-spacing: normal;
  letter-spacing: normal;
  margin: 5px 5px 5px 0;
}

<Label>
  <StyledComponent
    forwardedComponent={
      Object {
        "$$typeof": Symbol(react.forward_ref),
        "attrs": Array [],
        "componentStyle": ComponentStyle {
          "componentId": "Label-sc-130fyca-0",
          "isStatic": false,
          "lastClassName": "c0",
          "rules": Array [
            "color:",
            "#555e6f",
            ";display:inline-block;font-size:14px;font-stretch:normal;font-style:normal;font-weight:",
            [Function],
            ";letter-spacing:normal;margin:5px 5px 5px 0;",
            [Function],
          ],
        },
        "displayName": "Label",
        "foldedComponentIds": Array [],
        "render": [Function],
        "styledComponentId": "Label-sc-130fyca-0",
        "target": "label",
        "toString": [Function],
        "warnTooManyClasses": [Function],
        "withComponent": [Function],
      }
    }
    forwardedRef={null}
  >
    <label
      className="c0"
    />
  </StyledComponent>
</Label>
`;
