// Jest Snapshot v1, https://goo.gl/fbAQLP

exports[`Input render matches snapshot 1`] = `
.c0 {
  display: -webkit-box;
  display: -webkit-flex;
  display: -ms-flexbox;
  display: flex;
  -webkit-flex: 0 1 auto;
  -ms-flex: 0 1 auto;
  flex: 0 1 auto;
  box-sizing: border-box;
  border-radius: 3px;
  box-shadow: 0;
  color: #555e6f;
  font-size: 14px;
  line-height: 18px;
  text-overflow: ellipsis;
  width: 100%;
  border: 1px solid #dcdce7;
  padding: 10px 10px;
  -webkit-transition: background-color 0.2s ease-in-out,border-color 0.2s ease-in-out;
  transition: background-color 0.2s ease-in-out,border-color 0.2s ease-in-out;
}

.c0:hover {
  background-color: #f0f0f7;
}

.c0:focus {
  border: solid 1px #6124e2;
  background-color: white;
  outline: none;
}

.c0:disabled {
  background-color: #f9f9fd;
  color: #8e929b;
  cursor: not-allowed;
}

<Input>
  <StyledComponent
    forwardedComponent={
      Object {
        "$$typeof": Symbol(react.forward_ref),
        "attrs": Array [],
        "componentStyle": ComponentStyle {
          "componentId": "Input-sc-4g0udv-0",
          "isStatic": false,
          "lastClassName": "c0",
          "rules": Array [
            "display:flex;flex:0 1 auto;box-sizing:border-box;border-radius:3px;box-shadow:0;color:",
            "#555e6f",
            ";font-size:14px;line-height:18px;text-overflow:ellipsis;width:100%;border:1px solid ",
            [Function],
            ";padding:10px 10px;transition:background-color 0.2s ease-in-out,border-color 0.2s ease-in-out;:hover{background-color:",
            "#f0f0f7",
            ";}:focus{border:solid 1px ",
            "#6124e2",
            ";background-color:white;outline:none;}:disabled{background-color:",
            "#f9f9fd",
            ";color:",
            "#8e929b",
            ";cursor:not-allowed;}",
          ],
        },
        "displayName": "Input",
        "foldedComponentIds": Array [],
        "render": [Function],
        "styledComponentId": "Input-sc-4g0udv-0",
        "target": "input",
        "toString": [Function],
        "warnTooManyClasses": [Function],
        "withComponent": [Function],
      }
    }
    forwardedRef={null}
  >
    <input
      className="c0"
    />
  </StyledComponent>
</Input>
`;
