// Jest Snapshot v1, https://goo.gl/fbAQLP

exports[`withProps render matches snapshot 1`] = `
<WrappedComponent
  foo="bar"
  open="lattice"
/>
`;
