// Jest Snapshot v1, https://goo.gl/fbAQLP

exports[`Drawer snapshots isOpen = false 1`] = `
<Drawer
  isOpen={false}
  shouldCloseOnEscape={true}
  shouldCloseOnOutsideClick={true}
  side="left"
  transparentOverlay={false}
>
  <Overlay
    isScrollable={true}
    isVisible={false}
    shouldCloseOnClick={true}
    transparent={false}
  >
    <CSSTransition
      classNames="luk-fade"
      in={false}
      mountOnEnter={true}
      timeout={200}
      unmountOnExit={true}
    >
      <Transition
        appear={false}
        enter={true}
        exit={true}
        in={false}
        mountOnEnter={true}
        onEnter={[Function]}
        onEntered={[Function]}
        onEntering={[Function]}
        onExit={[Function]}
        onExited={[Function]}
        onExiting={[Function]}
        timeout={200}
        unmountOnExit={true}
      />
    </CSSTransition>
  </Overlay>
  <CSSTransition
    classNames="luk-slide"
    in={false}
    mountOnEnter={true}
    timeout={200}
    unmountOnExit={true}
  >
    <Transition
      appear={false}
      enter={true}
      exit={true}
      in={false}
      mountOnEnter={true}
      onEnter={[Function]}
      onEntered={[Function]}
      onEntering={[Function]}
      onExit={[Function]}
      onExited={[Function]}
      onExiting={[Function]}
      timeout={200}
      unmountOnExit={true}
    />
  </CSSTransition>
</Drawer>
`;

exports[`Drawer snapshots isOpen = true 1`] = `
.c0 {
  background-color: rgba(8,0,25,0.3);
  bottom: 0;
  display: block;
  left: 0;
  position: fixed;
  right: 0;
  top: 0;
  z-index: 1000;
}

.c0.luk-fade-appear {
  opacity: 0;
}

.c0.luk-fade-appear-active {
  opacity: 1;
  -webkit-transition: opacity 200ms ease-out;
  transition: opacity 200ms ease-out;
}

.c0.luk-fade-enter {
  opacity: 0;
}

.c0.luk-fade-enter-active {
  opacity: 1;
  -webkit-transition: opacity 200ms ease-out;
  transition: opacity 200ms ease-out;
}

.c0.luk-fade-exit {
  opacity: 1;
}

.c0.luk-fade-exit-active {
  opacity: 0;
  -webkit-transition: opacity 200ms ease-out;
  transition: opacity 200ms ease-out;
}

.c1 {
  display: block;
  height: 100%;
  position: absolute;
  overflow-y: scroll;
  width: 100%;
}

.c2 {
  background-color: #ffffff;
  box-shadow: 0 0 30px 0 rgba(0,0,0,0.2);
  display: -webkit-box;
  display: -webkit-flex;
  display: -ms-flexbox;
  display: flex;
  -webkit-flex-direction: column;
  -ms-flex-direction: column;
  flex-direction: column;
  height: 100%;
  -webkit-box-pack: start;
  -webkit-justify-content: flex-start;
  -ms-flex-pack: start;
  justify-content: flex-start;
  min-width: 300px;
  overflow-y: auto;
  position: fixed;
  top: 0;
  z-index: 1000;
  left: 0;
  --transform: translate(-100%);
}

.c2.luk-slide-appear {
  -webkit-transform: var(--transform);
  -ms-transform: var(--transform);
  transform: var(--transform);
}

.c2.luk-slide-appear-active {
  -webkit-transform: translate(0);
  -ms-transform: translate(0);
  transform: translate(0);
  -webkit-transition: -webkit-transform 250ms ease-out;
  -webkit-transition: transform 250ms ease-out;
  transition: transform 250ms ease-out;
}

.c2.luk-slide-enter {
  -webkit-transform: var(--transform);
  -ms-transform: var(--transform);
  transform: var(--transform);
}

.c2.luk-slide-enter-active {
  -webkit-transform: translate(0);
  -ms-transform: translate(0);
  transform: translate(0);
  -webkit-transition: -webkit-transform 250ms ease-out;
  -webkit-transition: transform 250ms ease-out;
  transition: transform 250ms ease-out;
}

.c2.luk-slide-exit {
  -webkit-transform: translate(0);
  -ms-transform: translate(0);
  transform: translate(0);
}

.c2.luk-slide-exit-active {
  -webkit-transform: var(--transform);
  -ms-transform: var(--transform);
  transform: var(--transform);
  -webkit-transition: -webkit-transform 200ms ease-out;
  -webkit-transition: transform 200ms ease-out;
  transition: transform 200ms ease-out;
}

<Drawer
  isOpen={true}
  shouldCloseOnEscape={true}
  shouldCloseOnOutsideClick={true}
  side="left"
  transparentOverlay={false}
>
  <Overlay
    isScrollable={true}
    isVisible={true}
    shouldCloseOnClick={true}
    transparent={false}
  >
    <CSSTransition
      classNames="luk-fade"
      in={true}
      mountOnEnter={true}
      timeout={200}
      unmountOnExit={true}
    >
      <Transition
        appear={false}
        enter={true}
        exit={true}
        in={true}
        mountOnEnter={true}
        onEnter={[Function]}
        onEntered={[Function]}
        onEntering={[Function]}
        onExit={[Function]}
        onExited={[Function]}
        onExiting={[Function]}
        timeout={200}
        unmountOnExit={true}
      >
        <Portal>
          <Portal
            containerInfo={
              .c0 {
  background-color: rgba(8,0,25,0.3);
  bottom: 0;
  display: block;
  left: 0;
  position: fixed;
  right: 0;
  top: 0;
  z-index: 1000;
}

.c0.luk-fade-appear {
  opacity: 0;
}

.c0.luk-fade-appear-active {
  opacity: 1;
  -webkit-transition: opacity 200ms ease-out;
  transition: opacity 200ms ease-out;
}

.c0.luk-fade-enter {
  opacity: 0;
}

.c0.luk-fade-enter-active {
  opacity: 1;
  -webkit-transition: opacity 200ms ease-out;
  transition: opacity 200ms ease-out;
}

.c0.luk-fade-exit {
  opacity: 1;
}

.c0.luk-fade-exit-active {
  opacity: 0;
  -webkit-transition: opacity 200ms ease-out;
  transition: opacity 200ms ease-out;
}

.c1 {
  display: block;
  height: 100%;
  position: absolute;
  overflow-y: scroll;
  width: 100%;
}

<div
                lattice-portal-inner-container=""
              >
                <div
                  class="c0"
                >
                  <div
                    class="c1"
                  />
                </div>
              </div>
            }
          >
            <LockToggle
              accountForScrollbars={true}
              isActive={true}
            >
              <SheetProvider
                accountForScrollbars={true}
                isActive={true}
              >
                <TouchProvider
                  accountForScrollbars={true}
                  isActive={true}
                >
                  <ScrollLock
                    accountForScrollbars={true}
                    isActive={true}
                  >
                    <TouchScrollable>
                      <NodeResolver
                        innerRef={[Function]}
                      >
                        <OverlayOuterContainer
                          transparent={false}
                        >
                          <StyledComponent
                            forwardedComponent={
                              Object {
                                "$$typeof": Symbol(react.forward_ref),
                                "attrs": Array [],
                                "componentStyle": ComponentStyle {
                                  "componentId": "StyledOverlayComponents__OverlayOuterContainer-ol4tzw-0",
                                  "isStatic": false,
                                  "lastClassName": "c0",
                                  "rules": Array [
                                    "background-color:",
                                    [Function],
                                    ";bottom:0;display:block;left:0;position:fixed;right:0;top:0;z-index:1000;",
                                    "&.luk-fade-appear{opacity:0;};&.luk-fade-appear-active{opacity:1;transition:opacity ",
                                    "200ms",
                                    " ease-out;};&.luk-fade-enter{opacity:0;};&.luk-fade-enter-active{opacity:1;transition:opacity ",
                                    "200ms",
                                    " ease-out;};&.luk-fade-exit{opacity:1;};&.luk-fade-exit-active{opacity:0;transition:opacity ",
                                    "200ms",
                                    " ease-out;};",
                                    ";",
                                  ],
                                },
                                "displayName": "OverlayOuterContainer",
                                "foldedComponentIds": Array [],
                                "render": [Function],
                                "styledComponentId": "StyledOverlayComponents__OverlayOuterContainer-ol4tzw-0",
                                "target": "div",
                                "toString": [Function],
                                "warnTooManyClasses": [Function],
                                "withComponent": [Function],
                              }
                            }
                            forwardedRef={null}
                            transparent={false}
                          >
                            <div
                              className="c0"
                            >
                              <OverlayInnerContainer
                                isScrollable={true}
                                onClick={[Function]}
                              >
                                <StyledComponent
                                  forwardedComponent={
                                    Object {
                                      "$$typeof": Symbol(react.forward_ref),
                                      "attrs": Array [],
                                      "componentStyle": ComponentStyle {
                                        "componentId": "StyledOverlayComponents__OverlayInnerContainer-ol4tzw-1",
                                        "isStatic": false,
                                        "lastClassName": "c1",
                                        "rules": Array [
                                          "display:block;height:100%;position:absolute;overflow-y:",
                                          [Function],
                                          ";width:100%;",
                                        ],
                                      },
                                      "displayName": "OverlayInnerContainer",
                                      "foldedComponentIds": Array [],
                                      "render": [Function],
                                      "styledComponentId": "StyledOverlayComponents__OverlayInnerContainer-ol4tzw-1",
                                      "target": "div",
                                      "toString": [Function],
                                      "warnTooManyClasses": [Function],
                                      "withComponent": [Function],
                                    }
                                  }
                                  forwardedRef={null}
                                  isScrollable={true}
                                  onClick={[Function]}
                                >
                                  <div
                                    className="c1"
                                    onClick={[Function]}
                                  />
                                </StyledComponent>
                              </OverlayInnerContainer>
                            </div>
                          </StyledComponent>
                        </OverlayOuterContainer>
                      </NodeResolver>
                    </TouchScrollable>
                  </ScrollLock>
                </TouchProvider>
              </SheetProvider>
            </LockToggle>
          </Portal>
        </Portal>
      </Transition>
    </CSSTransition>
  </Overlay>
  <CSSTransition
    classNames="luk-slide"
    in={true}
    mountOnEnter={true}
    timeout={200}
    unmountOnExit={true}
  >
    <Transition
      appear={false}
      enter={true}
      exit={true}
      in={true}
      mountOnEnter={true}
      onEnter={[Function]}
      onEntered={[Function]}
      onEntering={[Function]}
      onExit={[Function]}
      onExited={[Function]}
      onExiting={[Function]}
      timeout={200}
      unmountOnExit={true}
    >
      <Portal>
        <Portal
          containerInfo={
            .c0 {
  background-color: #ffffff;
  box-shadow: 0 0 30px 0 rgba(0,0,0,0.2);
  display: -webkit-box;
  display: -webkit-flex;
  display: -ms-flexbox;
  display: flex;
  -webkit-flex-direction: column;
  -ms-flex-direction: column;
  flex-direction: column;
  height: 100%;
  -webkit-box-pack: start;
  -webkit-justify-content: flex-start;
  -ms-flex-pack: start;
  justify-content: flex-start;
  min-width: 300px;
  overflow-y: auto;
  position: fixed;
  top: 0;
  z-index: 1000;
  left: 0;
  --transform: translate(-100%);
}

.c0.luk-slide-appear {
  -webkit-transform: var(--transform);
  -ms-transform: var(--transform);
  transform: var(--transform);
}

.c0.luk-slide-appear-active {
  -webkit-transform: translate(0);
  -ms-transform: translate(0);
  transform: translate(0);
  -webkit-transition: -webkit-transform 250ms ease-out;
  -webkit-transition: transform 250ms ease-out;
  transition: transform 250ms ease-out;
}

.c0.luk-slide-enter {
  -webkit-transform: var(--transform);
  -ms-transform: var(--transform);
  transform: var(--transform);
}

.c0.luk-slide-enter-active {
  -webkit-transform: translate(0);
  -ms-transform: translate(0);
  transform: translate(0);
  -webkit-transition: -webkit-transform 250ms ease-out;
  -webkit-transition: transform 250ms ease-out;
  transition: transform 250ms ease-out;
}

.c0.luk-slide-exit {
  -webkit-transform: translate(0);
  -ms-transform: translate(0);
  transform: translate(0);
}

.c0.luk-slide-exit-active {
  -webkit-transform: var(--transform);
  -ms-transform: var(--transform);
  transform: var(--transform);
  -webkit-transition: -webkit-transform 200ms ease-out;
  -webkit-transition: transform 200ms ease-out;
  transition: transform 200ms ease-out;
}

<div
              lattice-portal-inner-container=""
            >
              <div
                class="c0"
              />
            </div>
          }
        >
          <DrawerCard
            shouldCloseOnEscape={true}
            side="left"
          >
            <DrawerCard__DrawerCardWrapper
              side="left"
            >
              <StyledComponent
                forwardedComponent={
                  Object {
                    "$$typeof": Symbol(react.forward_ref),
                    "attrs": Array [],
                    "componentStyle": ComponentStyle {
                      "componentId": "DrawerCard__DrawerCardWrapper-sc-1ka5kr5-0",
                      "isStatic": false,
                      "lastClassName": "c2",
                      "rules": Array [
                        "background-color:",
                        "#ffffff",
                        ";box-shadow:0 0 30px 0 rgba(0,0,0,0.2);display:flex;flex-direction:column;height:100%;justify-content:flex-start;min-width:300px;overflow-y:auto;position:fixed;top:0;z-index:1000;",
                        [Function],
                        ";",
                        [Function],
                        ";&.luk-slide-appear{transform:var(--transform);};&.luk-slide-appear-active{transform:translate(0);transition:transform ",
                        "250ms",
                        " ease-out;};&.luk-slide-enter{transform:var(--transform);};&.luk-slide-enter-active{transform:translate(0);transition:transform ",
                        "250ms",
                        " ease-out;};&.luk-slide-exit{transform:translate(0);};&.luk-slide-exit-active{transform:var(--transform);transition:transform ",
                        "200ms",
                        " ease-out;}",
                        ";",
                      ],
                    },
                    "displayName": "DrawerCard__DrawerCardWrapper",
                    "foldedComponentIds": Array [],
                    "render": [Function],
                    "styledComponentId": "DrawerCard__DrawerCardWrapper-sc-1ka5kr5-0",
                    "target": "div",
                    "toString": [Function],
                    "warnTooManyClasses": [Function],
                    "withComponent": [Function],
                  }
                }
                forwardedRef={null}
                side="left"
              >
                <div
                  className="c2"
                />
              </StyledComponent>
            </DrawerCard__DrawerCardWrapper>
          </DrawerCard>
        </Portal>
      </Portal>
    </Transition>
  </CSSTransition>
</Drawer>
`;
