// Jest Snapshot v1, https://goo.gl/fbAQLP

exports[`DatePicker render matches snapshot 1`] = `
<<<<<<< HEAD
<AnalyticsContext
  data={
    Object {
      "componentName": "datePicker",
      "packageName": "@atlaskit/datetime-picker",
      "packageVersion": "6.3.9",
=======
<ForwardRef
  selectProps={
    Object {
      "styles": Object {
        "clearIndicator": [Function],
        "container": [Function],
        "control": [Function],
        "dropdownIndicator": [Function],
        "indicatorSeparator": [Function],
        "indicatorsContainer": [Function],
        "menu": [Function],
        "menuPortal": [Function],
        "option": [Function],
        "singleValue": [Function],
      },
>>>>>>> feature/emotion-date-time
    }
  }
>
  <ForwardRef />
</AnalyticsContext>
`;
