// Jest Snapshot v1, https://goo.gl/fbAQLP

exports[`TimePicker render matches snapshot 1`] = `
<WithAnalyticsContext(WithAnalyticsEvents(TimePicker))
  selectProps={
    Object {
      "styles": Object {
        "clearIndicator": [Function],
        "container": [Function],
        "control": [Function],
        "dropdownIndicator": [Function],
        "indicatorSeparator": [Function],
        "indicatorsContainer": [Function],
        "menu": [Function],
        "menuPortal": [Function],
        "option": [Function],
        "singleValue": [Function],
      },
    }
  }
  timeIsEditable={true}
/>
`;
