// Jest Snapshot v1, https://goo.gl/fbAQLP

exports[`TextArea render matches snapshot 1`] = `
.c0 {
  height: 100px;
  resize: vertical;
  background-color: white;
  border-radius: 3px;
  border: 1px solid #DFDFE3;
  box-shadow: none;
  box-sizing: border-box;
  color: #56565A;
  display: -webkit-box;
  display: -webkit-flex;
  display: -ms-flexbox;
  display: flex;
  -webkit-flex: 0 1 auto;
  -ms-flex: 0 1 auto;
  flex: 0 1 auto;
  font-size: 14px;
  min-height: 40px;
  padding: 10px;
  text-overflow: ellipsis;
  -webkit-transition: background-color 200ms ease-out,border-color 200ms ease-out;
  transition: background-color 200ms ease-out,border-color 200ms ease-out;
  width: 100%;
}

.c0:hover {
  background-color: #F2F2F4;
}

.c0:focus {
  border: solid 1px #56565A;
  background-color: white;
  outline: none;
}

.c0:disabled {
  background-color: #F2F2F4;
  color: #8B8B90;
  cursor: not-allowed;
}

<TextArea>
  <StyledComponent
    forwardedComponent={
      Object {
        "$$typeof": Symbol(react.forward_ref),
        "attrs": Array [],
        "componentStyle": ComponentStyle {
          "componentId": "TextArea-sc-10m8gjf-0",
          "isStatic": false,
          "lastClassName": "c0",
          "rules": Array [
            "height:100px;resize:vertical;",
            "background-color:white;border-radius:3px;border:1px solid ",
            [Function],
            ";box-shadow:none;box-sizing:border-box;color:",
            "#56565A",
            ";display:flex;flex:0 1 auto;font-size:14px;min-height:40px;padding:10px;text-overflow:ellipsis;transition:background-color ",
            "200ms",
            " ease-out,border-color ",
            "200ms",
            " ease-out;width:",
            [Function],
            ";:hover{background-color:",
            "#F2F2F4",
            ";}:focus{border:solid 1px ",
            "#56565A",
            ";background-color:white;outline:none;}:disabled{background-color:",
            "#F2F2F4",
            ";color:",
            "#8B8B90",
            ";cursor:not-allowed;}",
          ],
        },
        "displayName": "TextArea",
        "foldedComponentIds": Array [],
        "render": [Function],
        "styledComponentId": "TextArea-sc-10m8gjf-0",
        "target": "textarea",
        "toString": [Function],
        "warnTooManyClasses": [Function],
        "withComponent": [Function],
      }
    }
    forwardedRef={null}
  >
    <textarea
      className="c0"
    />
  </StyledComponent>
</TextArea>
`;
