// Jest Snapshot v1, https://goo.gl/fbAQLP

exports[`Search snapshots should match snapshot 1`] = `
<Card>
  <CardSegment
    vertical={true}
  >
    <form>
      <InputGrid>
        <div
          key="luk-search-key-firstname"
        >
          <Label
            htmlFor="luk-search-firstname"
          >
            First Name
          </Label>
          <Input
            name="firstname"
            onChange={[Function]}
            value=""
          />
        </div>
        <div
          key="luk-search-key-lastname"
        >
          <Label
            htmlFor="luk-search-lastname"
          >
            Last Name
          </Label>
          <Input
            name="lastname"
            onChange={[Function]}
            value=""
          />
        </div>
        <div
          key="luk-search-key-dob"
        >
          <Label
            htmlFor="luk-search-dob"
          >
            Date of Birth
          </Label>
          <LatticeWrapper
            name="dob"
            onChange={[Function]}
            value=""
          />
        </div>
        <Button
          className=""
          disabled={false}
          mode="primary"
          onClick={[Function]}
          type="submit"
        >
          Search
        </Button>
      </InputGrid>
    </form>
  </CardSegment>
  <CardSegment
    padding="md"
  >
    Filters
  </CardSegment>
</Card>
`;
