// Jest Snapshot v1, https://goo.gl/fbAQLP

exports[`TableBody render should render spinner when isLoading=true 1`] = `
<tbody>
  <styled__StyledRow
    id="empty-row-filler"
  >
    <Cell
      cellStyle={
        Object {
          "height": "429px",
          "textAlign": "center",
        }
      }
      colSpan={5}
    >
      <Spinner
        bottomColor="#cdd1db"
        centered={true}
        size="2x"
        topColor="#555e6f"
      />
    </Cell>
  </styled__StyledRow>
</tbody>
`;

exports[`TableBody render should render tbody at root 1`] = `
<tbody>
  <TableRow
    components={
      Object {
        "Cell": Object {
          "$$typeof": Symbol(react.forward_ref),
          "attrs": Array [],
          "componentStyle": ComponentStyle {
            "componentId": "styled__Cell-r3xwjs-2",
            "isStatic": false,
            "rules": Array [
              [Function],
            ],
          },
          "displayName": "Cell",
          "foldedComponentIds": Array [],
          "render": [Function],
          "styledComponentId": "styled__Cell-r3xwjs-2",
          "target": "td",
          "toString": [Function],
          "warnTooManyClasses": [Function],
          "withComponent": [Function],
        },
        "Row": [Function],
      }
    }
    data={
      Object {
        "dob": "1942-11-30",
        "id": "1",
        "lastUpdated": "2019-09-01",
        "manager": "Spongebob",
        "name": "Eugene Krabs",
      }
    }
    headers={
      Array [
        Object {
          "cellStyle": Object {
            "width": "50%",
          },
          "key": "name",
          "label": "Subject Name",
        },
        Object {
          "key": "dob",
          "label": "Date of Birth",
        },
        Object {
          "key": "manager",
          "label": "Manager",
        },
        Object {
          "key": "lastUpdated",
          "label": "Last Updated",
        },
        Object {
          "key": "id",
          "label": "ID",
          "sortable": false,
        },
      ]
    }
    key="row0-id1"
  />
  <TableRow
    components={
      Object {
        "Cell": Object {
          "$$typeof": Symbol(react.forward_ref),
          "attrs": Array [],
          "componentStyle": ComponentStyle {
            "componentId": "styled__Cell-r3xwjs-2",
            "isStatic": false,
            "rules": Array [
              [Function],
            ],
          },
          "displayName": "Cell",
          "foldedComponentIds": Array [],
          "render": [Function],
          "styledComponentId": "styled__Cell-r3xwjs-2",
          "target": "td",
          "toString": [Function],
          "warnTooManyClasses": [Function],
          "withComponent": [Function],
        },
        "Row": [Function],
      }
    }
    data={
      Object {
        "dob": "",
        "id": "2",
        "lastUpdated": "2019-08-29",
        "manager": "Smitty",
        "name": "Squidward Tentacles",
      }
    }
    headers={
      Array [
        Object {
          "cellStyle": Object {
            "width": "50%",
          },
          "key": "name",
          "label": "Subject Name",
        },
        Object {
          "key": "dob",
          "label": "Date of Birth",
        },
        Object {
          "key": "manager",
          "label": "Manager",
        },
        Object {
          "key": "lastUpdated",
          "label": "Last Updated",
        },
        Object {
          "key": "id",
          "label": "ID",
          "sortable": false,
        },
      ]
    }
    key="row1-id2"
  />
  <TableRow
    components={
      Object {
        "Cell": Object {
          "$$typeof": Symbol(react.forward_ref),
          "attrs": Array [],
          "componentStyle": ComponentStyle {
            "componentId": "styled__Cell-r3xwjs-2",
            "isStatic": false,
            "rules": Array [
              [Function],
            ],
          },
          "displayName": "Cell",
          "foldedComponentIds": Array [],
          "render": [Function],
          "styledComponentId": "styled__Cell-r3xwjs-2",
          "target": "td",
          "toString": [Function],
          "warnTooManyClasses": [Function],
          "withComponent": [Function],
        },
        "Row": [Function],
      }
    }
    data={
      Object {
        "dob": "1987-11-17",
        "id": "3",
        "lastUpdated": "2019-07-30",
        "manager": "Patrick",
        "name": "Sandy Cheeks",
      }
    }
    headers={
      Array [
        Object {
          "cellStyle": Object {
            "width": "50%",
          },
          "key": "name",
          "label": "Subject Name",
        },
        Object {
          "key": "dob",
          "label": "Date of Birth",
        },
        Object {
          "key": "manager",
          "label": "Manager",
        },
        Object {
          "key": "lastUpdated",
          "label": "Last Updated",
        },
        Object {
          "key": "id",
          "label": "ID",
          "sortable": false,
        },
      ]
    }
    key="row2-id3"
  />
  <TableRow
    components={
      Object {
        "Cell": Object {
          "$$typeof": Symbol(react.forward_ref),
          "attrs": Array [],
          "componentStyle": ComponentStyle {
            "componentId": "styled__Cell-r3xwjs-2",
            "isStatic": false,
            "rules": Array [
              [Function],
            ],
          },
          "displayName": "Cell",
          "foldedComponentIds": Array [],
          "render": [Function],
          "styledComponentId": "styled__Cell-r3xwjs-2",
          "target": "td",
          "toString": [Function],
          "warnTooManyClasses": [Function],
          "withComponent": [Function],
        },
        "Row": [Function],
      }
    }
    data={
      Object {
        "dob": "1975-06-23",
        "id": "4",
        "lastUpdated": "2019-08-16",
        "manager": "Patchy",
        "name": "Larry the Lobster",
      }
    }
    headers={
      Array [
        Object {
          "cellStyle": Object {
            "width": "50%",
          },
          "key": "name",
          "label": "Subject Name",
        },
        Object {
          "key": "dob",
          "label": "Date of Birth",
        },
        Object {
          "key": "manager",
          "label": "Manager",
        },
        Object {
          "key": "lastUpdated",
          "label": "Last Updated",
        },
        Object {
          "key": "id",
          "label": "ID",
          "sortable": false,
        },
      ]
    }
    key="row3-id4"
  />
  <TableRow
    components={
      Object {
        "Cell": Object {
          "$$typeof": Symbol(react.forward_ref),
          "attrs": Array [],
          "componentStyle": ComponentStyle {
            "componentId": "styled__Cell-r3xwjs-2",
            "isStatic": false,
            "rules": Array [
              [Function],
            ],
          },
          "displayName": "Cell",
          "foldedComponentIds": Array [],
          "render": [Function],
          "styledComponentId": "styled__Cell-r3xwjs-2",
          "target": "td",
          "toString": [Function],
          "warnTooManyClasses": [Function],
          "withComponent": [Function],
        },
        "Row": [Function],
      }
    }
    data={
      Object {
        "dob": "1942-11-30",
        "id": "5",
        "lastUpdated": "2019-08-20",
        "manager": "Spongebob",
        "name": "Sheldon Plankton",
      }
    }
    headers={
      Array [
        Object {
          "cellStyle": Object {
            "width": "50%",
          },
          "key": "name",
          "label": "Subject Name",
        },
        Object {
          "key": "dob",
          "label": "Date of Birth",
        },
        Object {
          "key": "manager",
          "label": "Manager",
        },
        Object {
          "key": "lastUpdated",
          "label": "Last Updated",
        },
        Object {
          "key": "id",
          "label": "ID",
          "sortable": false,
        },
      ]
    }
    key="row4-id5"
  />
  <TableRow
    components={
      Object {
        "Cell": Object {
          "$$typeof": Symbol(react.forward_ref),
          "attrs": Array [],
          "componentStyle": ComponentStyle {
            "componentId": "styled__Cell-r3xwjs-2",
            "isStatic": false,
            "rules": Array [
              [Function],
            ],
          },
          "displayName": "Cell",
          "foldedComponentIds": Array [],
          "render": [Function],
          "styledComponentId": "styled__Cell-r3xwjs-2",
          "target": "td",
          "toString": [Function],
          "warnTooManyClasses": [Function],
          "withComponent": [Function],
        },
        "Row": [Function],
      }
    }
    data={
      Object {
        "dob": "",
        "id": "6",
        "lastUpdated": "2019-08-21",
        "manager": "Spongebob",
        "name": "Mrs. Puff",
      }
    }
    headers={
      Array [
        Object {
          "cellStyle": Object {
            "width": "50%",
          },
          "key": "name",
          "label": "Subject Name",
        },
        Object {
          "key": "dob",
          "label": "Date of Birth",
        },
        Object {
          "key": "manager",
          "label": "Manager",
        },
        Object {
          "key": "lastUpdated",
          "label": "Last Updated",
        },
        Object {
          "key": "id",
          "label": "ID",
          "sortable": false,
        },
      ]
    }
    key="row5-id6"
  />
  <TableRow
    components={
      Object {
        "Cell": Object {
          "$$typeof": Symbol(react.forward_ref),
          "attrs": Array [],
          "componentStyle": ComponentStyle {
            "componentId": "styled__Cell-r3xwjs-2",
            "isStatic": false,
            "rules": Array [
              [Function],
            ],
          },
          "displayName": "Cell",
          "foldedComponentIds": Array [],
          "render": [Function],
          "styledComponentId": "styled__Cell-r3xwjs-2",
          "target": "td",
          "toString": [Function],
          "warnTooManyClasses": [Function],
          "withComponent": [Function],
        },
        "Row": [Function],
      }
    }
    data={
      Object {
        "dob": "1678-04-20",
        "id": "7",
        "lastUpdated": "2019-06-21",
        "manager": "Spongebob",
        "name": "Flying Dutchman",
      }
    }
    headers={
      Array [
        Object {
          "cellStyle": Object {
            "width": "50%",
          },
          "key": "name",
          "label": "Subject Name",
        },
        Object {
          "key": "dob",
          "label": "Date of Birth",
        },
        Object {
          "key": "manager",
          "label": "Manager",
        },
        Object {
          "key": "lastUpdated",
          "label": "Last Updated",
        },
        Object {
          "key": "id",
          "label": "ID",
          "sortable": false,
        },
      ]
    }
    key="row6-id7"
  />
  <styled__StyledRow
    id="empty-row-filler"
  >
    <Cell
      cellStyle={
        Object {
          "height": "114px",
        }
      }
      colSpan={5}
    />
  </styled__StyledRow>
</tbody>
`;
