// Jest Snapshot v1, https://goo.gl/fbAQLP

exports[`StepIcon complete should match snapshot 1`] = `
.c0 {
  font-size: 24px;
  min-width: 24px;
}

<StepIcon
  complete={true}
  index={0}
>
  <styled__IconLayer
    className="fa-layers"
  >
    <StyledComponent
      className="fa-layers"
      forwardedComponent={
        Object {
          "$$typeof": Symbol(react.forward_ref),
          "attrs": Array [],
          "componentStyle": ComponentStyle {
            "componentId": "styled__IconLayer-g8vnjr-0",
            "isStatic": false,
            "lastClassName": "c0",
            "rules": Array [
              "font-size:24px;min-width:24px;",
            ],
          },
          "displayName": "styled__IconLayer",
          "foldedComponentIds": Array [],
          "render": [Function],
          "styledComponentId": "styled__IconLayer-g8vnjr-0",
          "target": "span",
          "toString": [Function],
          "warnTooManyClasses": [Function],
          "withComponent": [Function],
        }
      }
      forwardedRef={null}
    >
      <span
        className="c0 fa-layers"
      >
        <FontAwesomeIcon
          border={false}
          className=""
          color="#8045ff"
          fixedWidth={false}
          flip={null}
          icon={
            Object {
              "icon": Array [
                512,
                512,
                Array [],
                "f111",
                "M256 8C119 8 8 119 8 256s111 248 248 248 248-111 248-248S393 8 256 8z",
              ],
              "iconName": "circle",
              "prefix": "fas",
            }
          }
          inverse={false}
          listItem={false}
          mask={null}
          pull={null}
          pulse={false}
          rotation={null}
          size={null}
          spin={false}
          swapOpacity={false}
          symbol={false}
          title=""
          transform={null}
        >
          <svg
            aria-hidden="true"
            className="svg-inline--fa fa-circle fa-w-16 "
            color="#8045ff"
            data-icon="circle"
            data-prefix="fas"
            focusable="false"
            role="img"
            style={Object {}}
            viewBox="0 0 512 512"
            xmlns="http://www.w3.org/2000/svg"
          >
            <path
              d="M256 8C119 8 8 119 8 256s111 248 248 248 248-111 248-248S393 8 256 8z"
              fill="currentColor"
              style={Object {}}
            />
          </svg>
        </FontAwesomeIcon>
        <FontAwesomeIcon
          border={false}
          className=""
          color="#ffffff"
          fixedWidth={false}
          flip={null}
          icon={
            Object {
              "icon": Array [
                512,
                512,
                Array [],
                "f00c",
                "M173.898 439.404l-166.4-166.4c-9.997-9.997-9.997-26.206 0-36.204l36.203-36.204c9.997-9.998 26.207-9.998 36.204 0L192 312.69 432.095 72.596c9.997-9.997 26.207-9.997 36.204 0l36.203 36.204c9.997 9.997 9.997 26.206 0 36.204l-294.4 294.401c-9.998 9.997-26.207 9.997-36.204-.001z",
              ],
              "iconName": "check",
              "prefix": "fas",
            }
          }
          inverse={false}
          listItem={false}
          mask={null}
          pull={null}
          pulse={false}
          rotation={null}
          size={null}
          spin={false}
          swapOpacity={false}
          symbol={false}
          title=""
          transform="shrink-7"
        >
          <svg
            aria-hidden="true"
            className="svg-inline--fa fa-check fa-w-16 "
            color="#ffffff"
            data-icon="check"
            data-prefix="fas"
            focusable="false"
            role="img"
            style={
              Object {
                "transformOrigin": "0.5em 0.5em",
              }
            }
            viewBox="0 0 512 512"
            xmlns="http://www.w3.org/2000/svg"
          >
            <g
              style={Object {}}
              transform="translate(256 256)"
            >
              <g
                style={Object {}}
                transform="translate(0, 0)  scale(0.5625, 0.5625)  rotate(0 0 0)"
              >
                <path
                  d="M173.898 439.404l-166.4-166.4c-9.997-9.997-9.997-26.206 0-36.204l36.203-36.204c9.997-9.998 26.207-9.998 36.204 0L192 312.69 432.095 72.596c9.997-9.997 26.207-9.997 36.204 0l36.203 36.204c9.997 9.997 9.997 26.206 0 36.204l-294.4 294.401c-9.998 9.997-26.207 9.997-36.204-.001z"
                  fill="currentColor"
                  style={Object {}}
                  transform="translate(-256 -256)"
                />
              </g>
            </g>
          </svg>
        </FontAwesomeIcon>
      </span>
    </StyledComponent>
  </styled__IconLayer>
</StepIcon>
`;

exports[`StepIcon default should match snapshot 1`] = `
.c0 {
  font-size: 14px;
  font-weight: bold;
}

<styled__StepIndex
  index={0}
>
  <StyledComponent
    forwardedComponent={
      Object {
        "$$typeof": Symbol(react.forward_ref),
        "attrs": Array [],
        "componentStyle": ComponentStyle {
          "componentId": "styled__StepIndex-g8vnjr-2",
          "isStatic": false,
          "lastClassName": "c0",
          "rules": Array [
            "font-size:14px;font-weight:bold;",
          ],
        },
        "displayName": "styled__StepIndex",
        "foldedComponentIds": Array [],
        "render": [Function],
        "styledComponentId": "styled__StepIndex-g8vnjr-2",
        "target": "span",
        "toString": [Function],
        "warnTooManyClasses": [Function],
        "withComponent": [Function],
      }
    }
    forwardedRef={null}
    index={0}
  >
    <span
      className="c0"
    />
  </StyledComponent>
</styled__StepIndex>
`;
